apiVersion: v1
kind: Namespace
metadata:
  annotations: {}
  labels:
    app.kubernetes.io/managed-by: commodore
    app.kubernetes.io/name: app-defaults
    name: app-defaults
  name: app-defaults
