apiVersion: monitoring.coreos.com/v1
kind: ServiceMonitor
metadata:
  annotations: {}
  labels:
    app.kubernetes.io/instance: defaults
    app.kubernetes.io/managed-by: commodore
    app.kubernetes.io/name: home-assistant
    name: home-assistant
  name: home-assistant
spec:
  endpoints:
    - interval: 10s
      path: /api/prometheus
      port: http
      scheme: http
  selector:
    matchLabels:
      name: home-assistant
